20-Aug-2025 23:04:06.955 INFO [main] org.apache.catalina.startup.VersionLoggerListener.log Server version name:   Apache Tomcat/9.0.98
20-Aug-2025 23:04:06.961 INFO [main] org.apache.catalina.startup.VersionLoggerListener.log Server built:          Dec 5 2024 19:50:29 UTC
20-Aug-2025 23:04:06.962 INFO [main] org.apache.catalina.startup.VersionLoggerListener.log Server version number: 9.0.98.0
20-Aug-2025 23:04:06.963 INFO [main] org.apache.catalina.startup.VersionLoggerListener.log OS Name:               Windows 10
20-Aug-2025 23:04:06.963 INFO [main] org.apache.catalina.startup.VersionLoggerListener.log OS Version:            10.0
20-Aug-2025 23:04:06.963 INFO [main] org.apache.catalina.startup.VersionLoggerListener.log Architecture:          amd64
20-Aug-2025 23:04:06.963 INFO [main] org.apache.catalina.startup.VersionLoggerListener.log Java Home:             C:\Program Files\Java\jdk-17.0.2
20-Aug-2025 23:04:06.963 INFO [main] org.apache.catalina.startup.VersionLoggerListener.log JVM Version:           17.0.2+8-LTS-86
20-Aug-2025 23:04:06.964 INFO [main] org.apache.catalina.startup.VersionLoggerListener.log JVM Vendor:            Oracle Corporation
20-Aug-2025 23:04:06.964 INFO [main] org.apache.catalina.startup.VersionLoggerListener.log CATALINA_BASE:         D:\PahanaeduBookshop
20-Aug-2025 23:04:06.964 INFO [main] org.apache.catalina.startup.VersionLoggerListener.log CATALINA_HOME:         G:\ICBT\1st_Semester\PROGRAMMING\apache-tomcat-9.0.98\apache-tomcat-9.0.98
20-Aug-2025 23:04:06.982 INFO [main] org.apache.catalina.startup.VersionLoggerListener.log Command line argument: --add-opens=java.base/java.lang=ALL-UNNAMED
20-Aug-2025 23:04:06.982 INFO [main] org.apache.catalina.startup.VersionLoggerListener.log Command line argument: --add-opens=java.base/java.io=ALL-UNNAMED
20-Aug-2025 23:04:06.982 INFO [main] org.apache.catalina.startup.VersionLoggerListener.log Command line argument: --add-opens=java.base/java.util=ALL-UNNAMED
20-Aug-2025 23:04:06.982 INFO [main] org.apache.catalina.startup.VersionLoggerListener.log Command line argument: --add-opens=java.base/java.util.concurrent=ALL-UNNAMED
20-Aug-2025 23:04:06.983 INFO [main] org.apache.catalina.startup.VersionLoggerListener.log Command line argument: --add-opens=java.rmi/sun.rmi.transport=ALL-UNNAMED
20-Aug-2025 23:04:06.983 INFO [main] org.apache.catalina.startup.VersionLoggerListener.log Command line argument: -Dcatalina.home=G:\ICBT\1st_Semester\PROGRAMMING\apache-tomcat-9.0.98\apache-tomcat-9.0.98
20-Aug-2025 23:04:06.983 INFO [main] org.apache.catalina.startup.VersionLoggerListener.log Command line argument: -Dcatalina.base=D:\PahanaeduBookshop
20-Aug-2025 23:04:06.983 INFO [main] org.apache.catalina.startup.VersionLoggerListener.log Command line argument: -Djava.io.tmpdir=D:\PahanaeduBookshop\temp
20-Aug-2025 23:04:06.983 INFO [main] org.apache.catalina.startup.VersionLoggerListener.log Command line argument: -Djava.util.logging.config.file=D:\PahanaeduBookshop\conf\logging.properties
20-Aug-2025 23:04:06.983 INFO [main] org.apache.catalina.startup.VersionLoggerListener.log Command line argument: -Djava.util.logging.manager=org.apache.juli.ClassLoaderLogManager
20-Aug-2025 23:04:06.984 INFO [main] org.apache.catalina.startup.VersionLoggerListener.log Command line argument: -javaagent:C:\Program Files\JetBrains\IntelliJ IDEA Community Edition 2024.3.1.1\lib\idea_rt.jar=58714:C:\Program Files\JetBrains\IntelliJ IDEA Community Edition 2024.3.1.1\bin
20-Aug-2025 23:04:06.984 INFO [main] org.apache.catalina.startup.VersionLoggerListener.log Command line argument: -Dfile.encoding=UTF-8
20-Aug-2025 23:04:07.125 INFO [main] org.apache.catalina.core.AprLifecycleListener.lifecycleEvent Loaded Apache Tomcat Native library [1.3.1] using APR version [1.7.4].
20-Aug-2025 23:04:07.127 INFO [main] org.apache.catalina.core.AprLifecycleListener.lifecycleEvent APR capabilities: IPv6 [true], sendfile [true], accept filters [false], random [true], UDS [true].
20-Aug-2025 23:04:07.127 INFO [main] org.apache.catalina.core.AprLifecycleListener.lifecycleEvent APR/OpenSSL configuration: useAprConnector [false], useOpenSSL [true]
20-Aug-2025 23:04:07.885 INFO [main] org.apache.catalina.core.AprLifecycleListener.initializeSSL OpenSSL successfully initialized [OpenSSL 3.0.14 4 Jun 2024]
20-Aug-2025 23:04:08.380 INFO [main] org.apache.coyote.AbstractProtocol.init Initializing ProtocolHandler ["http-nio-8080"]
20-Aug-2025 23:04:08.471 INFO [main] org.apache.catalina.startup.Catalina.load Server initialization in [1959] milliseconds
20-Aug-2025 23:04:08.566 INFO [main] org.apache.catalina.core.StandardService.startInternal Starting service [Catalina]
20-Aug-2025 23:04:08.566 INFO [main] org.apache.catalina.core.StandardEngine.startInternal Starting Servlet engine: [Apache Tomcat/9.0.98]
20-Aug-2025 23:04:08.577 INFO [main] org.apache.catalina.startup.HostConfig.deployDescriptor Deploying deployment descriptor [D:\PahanaeduBookshop\conf\Catalina\localhost\PahanaeduBookshop.xml]
20-Aug-2025 23:04:10.166 INFO [main] org.apache.jasper.servlet.TldScanner.scanJars At least one JAR was scanned for TLDs yet contained no TLDs. Enable debug logging for this logger for a complete list of JARs that were scanned but no TLDs were found in them. Skipping unneeded JARs during scanning can improve startup time and JSP compilation time.
20-Aug-2025 23:04:10.426 INFO [main] org.apache.catalina.startup.HostConfig.deployDescriptor Deployment of deployment descriptor [D:\PahanaeduBookshop\conf\Catalina\localhost\PahanaeduBookshop.xml] has finished in [1,848] ms
20-Aug-2025 23:04:10.431 INFO [main] org.apache.coyote.AbstractProtocol.start Starting ProtocolHandler ["http-nio-8080"]
20-Aug-2025 23:04:10.514 INFO [main] org.apache.catalina.startup.Catalina.start Server startup in [2041] milliseconds
20-Aug-2025 23:08:45.364 INFO [main] org.apache.catalina.startup.VersionLoggerListener.log Server version name:   Apache Tomcat/9.0.98
20-Aug-2025 23:08:45.371 INFO [main] org.apache.catalina.startup.VersionLoggerListener.log Server built:          Dec 5 2024 19:50:29 UTC
20-Aug-2025 23:08:45.372 INFO [main] org.apache.catalina.startup.VersionLoggerListener.log Server version number: 9.0.98.0
20-Aug-2025 23:08:45.372 INFO [main] org.apache.catalina.startup.VersionLoggerListener.log OS Name:               Windows 10
20-Aug-2025 23:08:45.372 INFO [main] org.apache.catalina.startup.VersionLoggerListener.log OS Version:            10.0
20-Aug-2025 23:08:45.372 INFO [main] org.apache.catalina.startup.VersionLoggerListener.log Architecture:          amd64
20-Aug-2025 23:08:45.373 INFO [main] org.apache.catalina.startup.VersionLoggerListener.log Java Home:             C:\Program Files\Java\jdk-17.0.2
20-Aug-2025 23:08:45.373 INFO [main] org.apache.catalina.startup.VersionLoggerListener.log JVM Version:           17.0.2+8-LTS-86
20-Aug-2025 23:08:45.374 INFO [main] org.apache.catalina.startup.VersionLoggerListener.log JVM Vendor:            Oracle Corporation
20-Aug-2025 23:08:45.374 INFO [main] org.apache.catalina.startup.VersionLoggerListener.log CATALINA_BASE:         D:\PahanaeduBookshop
20-Aug-2025 23:08:45.374 INFO [main] org.apache.catalina.startup.VersionLoggerListener.log CATALINA_HOME:         G:\ICBT\1st_Semester\PROGRAMMING\apache-tomcat-9.0.98\apache-tomcat-9.0.98
20-Aug-2025 23:08:45.389 INFO [main] org.apache.catalina.startup.VersionLoggerListener.log Command line argument: --add-opens=java.base/java.lang=ALL-UNNAMED
20-Aug-2025 23:08:45.389 INFO [main] org.apache.catalina.startup.VersionLoggerListener.log Command line argument: --add-opens=java.base/java.io=ALL-UNNAMED
20-Aug-2025 23:08:45.389 INFO [main] org.apache.catalina.startup.VersionLoggerListener.log Command line argument: --add-opens=java.base/java.util=ALL-UNNAMED
20-Aug-2025 23:08:45.389 INFO [main] org.apache.catalina.startup.VersionLoggerListener.log Command line argument: --add-opens=java.base/java.util.concurrent=ALL-UNNAMED
20-Aug-2025 23:08:45.390 INFO [main] org.apache.catalina.startup.VersionLoggerListener.log Command line argument: --add-opens=java.rmi/sun.rmi.transport=ALL-UNNAMED
20-Aug-2025 23:08:45.390 INFO [main] org.apache.catalina.startup.VersionLoggerListener.log Command line argument: -Dcatalina.home=G:\ICBT\1st_Semester\PROGRAMMING\apache-tomcat-9.0.98\apache-tomcat-9.0.98
20-Aug-2025 23:08:45.390 INFO [main] org.apache.catalina.startup.VersionLoggerListener.log Command line argument: -Dcatalina.base=D:\PahanaeduBookshop
20-Aug-2025 23:08:45.390 INFO [main] org.apache.catalina.startup.VersionLoggerListener.log Command line argument: -Djava.io.tmpdir=D:\PahanaeduBookshop\temp
20-Aug-2025 23:08:45.390 INFO [main] org.apache.catalina.startup.VersionLoggerListener.log Command line argument: -Djava.util.logging.config.file=D:\PahanaeduBookshop\conf\logging.properties
20-Aug-2025 23:08:45.390 INFO [main] org.apache.catalina.startup.VersionLoggerListener.log Command line argument: -Djava.util.logging.manager=org.apache.juli.ClassLoaderLogManager
20-Aug-2025 23:08:45.391 INFO [main] org.apache.catalina.startup.VersionLoggerListener.log Command line argument: -javaagent:C:\Program Files\JetBrains\IntelliJ IDEA Community Edition 2024.3.1.1\lib\idea_rt.jar=58751:C:\Program Files\JetBrains\IntelliJ IDEA Community Edition 2024.3.1.1\bin
20-Aug-2025 23:08:45.391 INFO [main] org.apache.catalina.startup.VersionLoggerListener.log Command line argument: -Dfile.encoding=UTF-8
20-Aug-2025 23:08:46.352 INFO [main] org.apache.catalina.core.AprLifecycleListener.lifecycleEvent Loaded Apache Tomcat Native library [1.3.1] using APR version [1.7.4].
20-Aug-2025 23:08:46.352 INFO [main] org.apache.catalina.core.AprLifecycleListener.lifecycleEvent APR capabilities: IPv6 [true], sendfile [true], accept filters [false], random [true], UDS [true].
20-Aug-2025 23:08:46.352 INFO [main] org.apache.catalina.core.AprLifecycleListener.lifecycleEvent APR/OpenSSL configuration: useAprConnector [false], useOpenSSL [true]
20-Aug-2025 23:08:49.446 INFO [main] org.apache.catalina.core.AprLifecycleListener.initializeSSL OpenSSL successfully initialized [OpenSSL 3.0.14 4 Jun 2024]
20-Aug-2025 23:08:50.796 INFO [main] org.apache.coyote.AbstractProtocol.init Initializing ProtocolHandler ["http-nio-8080"]
20-Aug-2025 23:08:51.028 INFO [main] org.apache.catalina.startup.Catalina.load Server initialization in [7603] milliseconds
20-Aug-2025 23:08:51.404 INFO [main] org.apache.catalina.core.StandardService.startInternal Starting service [Catalina]
20-Aug-2025 23:08:51.406 INFO [main] org.apache.catalina.core.StandardEngine.startInternal Starting Servlet engine: [Apache Tomcat/9.0.98]
20-Aug-2025 23:08:51.526 INFO [main] org.apache.catalina.startup.HostConfig.deployDescriptor Deploying deployment descriptor [D:\PahanaeduBookshop\conf\Catalina\localhost\PahanaeduBookshop.xml]
20-Aug-2025 23:08:59.023 INFO [main] org.apache.jasper.servlet.TldScanner.scanJars At least one JAR was scanned for TLDs yet contained no TLDs. Enable debug logging for this logger for a complete list of JARs that were scanned but no TLDs were found in them. Skipping unneeded JARs during scanning can improve startup time and JSP compilation time.
20-Aug-2025 23:08:59.624 WARNING [main] org.apache.catalina.util.SessionIdGeneratorBase.createSecureRandom Creation of SecureRandom instance for session ID generation using [SHA1PRNG] took [104] milliseconds.
20-Aug-2025 23:08:59.890 INFO [main] org.apache.catalina.startup.HostConfig.deployDescriptor Deployment of deployment descriptor [D:\PahanaeduBookshop\conf\Catalina\localhost\PahanaeduBookshop.xml] has finished in [8,364] ms
20-Aug-2025 23:08:59.895 INFO [main] org.apache.coyote.AbstractProtocol.start Starting ProtocolHandler ["http-nio-8080"]
20-Aug-2025 23:09:00.395 INFO [main] org.apache.catalina.startup.Catalina.start Server startup in [9366] milliseconds
20-Aug-2025 23:23:37.669 INFO [Thread-1] org.apache.coyote.AbstractProtocol.pause Pausing ProtocolHandler ["http-nio-8080"]
20-Aug-2025 23:23:39.443 INFO [Thread-1] org.apache.catalina.core.StandardService.stopInternal Stopping service [Catalina]
20-Aug-2025 23:23:43.367 INFO [Thread-1] org.apache.coyote.AbstractProtocol.stop Stopping ProtocolHandler ["http-nio-8080"]
20-Aug-2025 23:23:43.971 WARNING [Thread-1] org.apache.tomcat.util.net.Acceptor.stopMillis The acceptor thread [http-nio-8080-Acceptor] did not stop cleanly
20-Aug-2025 23:23:44.198 INFO [Thread-1] org.apache.coyote.AbstractProtocol.destroy Destroying ProtocolHandler ["http-nio-8080"]
20-Aug-2025 23:24:28.515 INFO [main] org.apache.catalina.startup.VersionLoggerListener.log Server version name:   Apache Tomcat/9.0.98
20-Aug-2025 23:24:28.521 INFO [main] org.apache.catalina.startup.VersionLoggerListener.log Server built:          Dec 5 2024 19:50:29 UTC
20-Aug-2025 23:24:28.521 INFO [main] org.apache.catalina.startup.VersionLoggerListener.log Server version number: 9.0.98.0
20-Aug-2025 23:24:28.521 INFO [main] org.apache.catalina.startup.VersionLoggerListener.log OS Name:               Windows 10
20-Aug-2025 23:24:28.521 INFO [main] org.apache.catalina.startup.VersionLoggerListener.log OS Version:            10.0
20-Aug-2025 23:24:28.521 INFO [main] org.apache.catalina.startup.VersionLoggerListener.log Architecture:          amd64
20-Aug-2025 23:24:28.522 INFO [main] org.apache.catalina.startup.VersionLoggerListener.log Java Home:             C:\Program Files\Java\jdk-17.0.2
20-Aug-2025 23:24:28.522 INFO [main] org.apache.catalina.startup.VersionLoggerListener.log JVM Version:           17.0.2+8-LTS-86
20-Aug-2025 23:24:28.522 INFO [main] org.apache.catalina.startup.VersionLoggerListener.log JVM Vendor:            Oracle Corporation
20-Aug-2025 23:24:28.522 INFO [main] org.apache.catalina.startup.VersionLoggerListener.log CATALINA_BASE:         D:\PahanaeduBookshop
20-Aug-2025 23:24:28.522 INFO [main] org.apache.catalina.startup.VersionLoggerListener.log CATALINA_HOME:         G:\ICBT\1st_Semester\PROGRAMMING\apache-tomcat-9.0.98\apache-tomcat-9.0.98
20-Aug-2025 23:24:28.536 INFO [main] org.apache.catalina.startup.VersionLoggerListener.log Command line argument: --add-opens=java.base/java.lang=ALL-UNNAMED
20-Aug-2025 23:24:28.537 INFO [main] org.apache.catalina.startup.VersionLoggerListener.log Command line argument: --add-opens=java.base/java.io=ALL-UNNAMED
20-Aug-2025 23:24:28.537 INFO [main] org.apache.catalina.startup.VersionLoggerListener.log Command line argument: --add-opens=java.base/java.util=ALL-UNNAMED
20-Aug-2025 23:24:28.537 INFO [main] org.apache.catalina.startup.VersionLoggerListener.log Command line argument: --add-opens=java.base/java.util.concurrent=ALL-UNNAMED
20-Aug-2025 23:24:28.537 INFO [main] org.apache.catalina.startup.VersionLoggerListener.log Command line argument: --add-opens=java.rmi/sun.rmi.transport=ALL-UNNAMED
20-Aug-2025 23:24:28.537 INFO [main] org.apache.catalina.startup.VersionLoggerListener.log Command line argument: -Dcatalina.home=G:\ICBT\1st_Semester\PROGRAMMING\apache-tomcat-9.0.98\apache-tomcat-9.0.98
20-Aug-2025 23:24:28.537 INFO [main] org.apache.catalina.startup.VersionLoggerListener.log Command line argument: -Dcatalina.base=D:\PahanaeduBookshop
20-Aug-2025 23:24:28.538 INFO [main] org.apache.catalina.startup.VersionLoggerListener.log Command line argument: -Djava.io.tmpdir=D:\PahanaeduBookshop\temp
20-Aug-2025 23:24:28.538 INFO [main] org.apache.catalina.startup.VersionLoggerListener.log Command line argument: -Djava.util.logging.config.file=D:\PahanaeduBookshop\conf\logging.properties
20-Aug-2025 23:24:28.538 INFO [main] org.apache.catalina.startup.VersionLoggerListener.log Command line argument: -Djava.util.logging.manager=org.apache.juli.ClassLoaderLogManager
20-Aug-2025 23:24:28.538 INFO [main] org.apache.catalina.startup.VersionLoggerListener.log Command line argument: -javaagent:C:\Program Files\JetBrains\IntelliJ IDEA Community Edition 2024.3.1.1\lib\idea_rt.jar=58816:C:\Program Files\JetBrains\IntelliJ IDEA Community Edition 2024.3.1.1\bin
20-Aug-2025 23:24:28.538 INFO [main] org.apache.catalina.startup.VersionLoggerListener.log Command line argument: -Dfile.encoding=UTF-8
20-Aug-2025 23:24:28.955 INFO [main] org.apache.catalina.core.AprLifecycleListener.lifecycleEvent Loaded Apache Tomcat Native library [1.3.1] using APR version [1.7.4].
20-Aug-2025 23:24:28.955 INFO [main] org.apache.catalina.core.AprLifecycleListener.lifecycleEvent APR capabilities: IPv6 [true], sendfile [true], accept filters [false], random [true], UDS [true].
20-Aug-2025 23:24:28.956 INFO [main] org.apache.catalina.core.AprLifecycleListener.lifecycleEvent APR/OpenSSL configuration: useAprConnector [false], useOpenSSL [true]
20-Aug-2025 23:24:30.393 INFO [main] org.apache.catalina.core.AprLifecycleListener.initializeSSL OpenSSL successfully initialized [OpenSSL 3.0.14 4 Jun 2024]
20-Aug-2025 23:24:30.853 INFO [main] org.apache.coyote.AbstractProtocol.init Initializing ProtocolHandler ["http-nio-8080"]
20-Aug-2025 23:24:30.935 INFO [main] org.apache.catalina.startup.Catalina.load Server initialization in [6601] milliseconds
20-Aug-2025 23:24:31.016 INFO [main] org.apache.catalina.core.StandardService.startInternal Starting service [Catalina]
20-Aug-2025 23:24:31.016 INFO [main] org.apache.catalina.core.StandardEngine.startInternal Starting Servlet engine: [Apache Tomcat/9.0.98]
20-Aug-2025 23:24:31.027 INFO [main] org.apache.catalina.startup.HostConfig.deployDescriptor Deploying deployment descriptor [D:\PahanaeduBookshop\conf\Catalina\localhost\PahanaeduBookshop.xml]
20-Aug-2025 23:24:33.068 INFO [main] org.apache.jasper.servlet.TldScanner.scanJars At least one JAR was scanned for TLDs yet contained no TLDs. Enable debug logging for this logger for a complete list of JARs that were scanned but no TLDs were found in them. Skipping unneeded JARs during scanning can improve startup time and JSP compilation time.
20-Aug-2025 23:24:33.375 INFO [main] org.apache.catalina.startup.HostConfig.deployDescriptor Deployment of deployment descriptor [D:\PahanaeduBookshop\conf\Catalina\localhost\PahanaeduBookshop.xml] has finished in [2,346] ms
20-Aug-2025 23:24:33.380 INFO [main] org.apache.coyote.AbstractProtocol.start Starting ProtocolHandler ["http-nio-8080"]
20-Aug-2025 23:24:33.547 INFO [main] org.apache.catalina.startup.Catalina.start Server startup in [2610] milliseconds
20-Aug-2025 23:26:38.351 INFO [Thread-1] org.apache.coyote.AbstractProtocol.pause Pausing ProtocolHandler ["http-nio-8080"]
20-Aug-2025 23:26:38.520 INFO [Thread-1] org.apache.catalina.core.StandardService.stopInternal Stopping service [Catalina]
20-Aug-2025 23:26:38.541 INFO [Thread-1] org.apache.coyote.AbstractProtocol.stop Stopping ProtocolHandler ["http-nio-8080"]
20-Aug-2025 23:26:38.556 INFO [Thread-1] org.apache.coyote.AbstractProtocol.destroy Destroying ProtocolHandler ["http-nio-8080"]
20-Aug-2025 23:26:49.368 INFO [main] org.apache.catalina.startup.VersionLoggerListener.log Server version name:   Apache Tomcat/9.0.98
20-Aug-2025 23:26:49.373 INFO [main] org.apache.catalina.startup.VersionLoggerListener.log Server built:          Dec 5 2024 19:50:29 UTC
20-Aug-2025 23:26:49.373 INFO [main] org.apache.catalina.startup.VersionLoggerListener.log Server version number: 9.0.98.0
20-Aug-2025 23:26:49.373 INFO [main] org.apache.catalina.startup.VersionLoggerListener.log OS Name:               Windows 10
20-Aug-2025 23:26:49.374 INFO [main] org.apache.catalina.startup.VersionLoggerListener.log OS Version:            10.0
20-Aug-2025 23:26:49.375 INFO [main] org.apache.catalina.startup.VersionLoggerListener.log Architecture:          amd64
20-Aug-2025 23:26:49.376 INFO [main] org.apache.catalina.startup.VersionLoggerListener.log Java Home:             C:\Program Files\Java\jdk-17.0.2
20-Aug-2025 23:26:49.376 INFO [main] org.apache.catalina.startup.VersionLoggerListener.log JVM Version:           17.0.2+8-LTS-86
20-Aug-2025 23:26:49.377 INFO [main] org.apache.catalina.startup.VersionLoggerListener.log JVM Vendor:            Oracle Corporation
20-Aug-2025 23:26:49.377 INFO [main] org.apache.catalina.startup.VersionLoggerListener.log CATALINA_BASE:         D:\PahanaeduBookshop
20-Aug-2025 23:26:49.377 INFO [main] org.apache.catalina.startup.VersionLoggerListener.log CATALINA_HOME:         G:\ICBT\1st_Semester\PROGRAMMING\apache-tomcat-9.0.98\apache-tomcat-9.0.98
20-Aug-2025 23:26:49.391 INFO [main] org.apache.catalina.startup.VersionLoggerListener.log Command line argument: --add-opens=java.base/java.lang=ALL-UNNAMED
20-Aug-2025 23:26:49.391 INFO [main] org.apache.catalina.startup.VersionLoggerListener.log Command line argument: --add-opens=java.base/java.io=ALL-UNNAMED
20-Aug-2025 23:26:49.392 INFO [main] org.apache.catalina.startup.VersionLoggerListener.log Command line argument: --add-opens=java.base/java.util=ALL-UNNAMED
20-Aug-2025 23:26:49.393 INFO [main] org.apache.catalina.startup.VersionLoggerListener.log Command line argument: --add-opens=java.base/java.util.concurrent=ALL-UNNAMED
20-Aug-2025 23:26:49.393 INFO [main] org.apache.catalina.startup.VersionLoggerListener.log Command line argument: --add-opens=java.rmi/sun.rmi.transport=ALL-UNNAMED
20-Aug-2025 23:26:49.393 INFO [main] org.apache.catalina.startup.VersionLoggerListener.log Command line argument: -Dcatalina.home=G:\ICBT\1st_Semester\PROGRAMMING\apache-tomcat-9.0.98\apache-tomcat-9.0.98
20-Aug-2025 23:26:49.393 INFO [main] org.apache.catalina.startup.VersionLoggerListener.log Command line argument: -Dcatalina.base=D:\PahanaeduBookshop
20-Aug-2025 23:26:49.393 INFO [main] org.apache.catalina.startup.VersionLoggerListener.log Command line argument: -Djava.io.tmpdir=D:\PahanaeduBookshop\temp
20-Aug-2025 23:26:49.394 INFO [main] org.apache.catalina.startup.VersionLoggerListener.log Command line argument: -Djava.util.logging.config.file=D:\PahanaeduBookshop\conf\logging.properties
20-Aug-2025 23:26:49.394 INFO [main] org.apache.catalina.startup.VersionLoggerListener.log Command line argument: -Djava.util.logging.manager=org.apache.juli.ClassLoaderLogManager
20-Aug-2025 23:26:49.394 INFO [main] org.apache.catalina.startup.VersionLoggerListener.log Command line argument: -javaagent:C:\Program Files\JetBrains\IntelliJ IDEA Community Edition 2024.3.1.1\lib\idea_rt.jar=58833:C:\Program Files\JetBrains\IntelliJ IDEA Community Edition 2024.3.1.1\bin
20-Aug-2025 23:26:49.394 INFO [main] org.apache.catalina.startup.VersionLoggerListener.log Command line argument: -Dfile.encoding=UTF-8
20-Aug-2025 23:26:49.545 INFO [main] org.apache.catalina.core.AprLifecycleListener.lifecycleEvent Loaded Apache Tomcat Native library [1.3.1] using APR version [1.7.4].
20-Aug-2025 23:26:49.545 INFO [main] org.apache.catalina.core.AprLifecycleListener.lifecycleEvent APR capabilities: IPv6 [true], sendfile [true], accept filters [false], random [true], UDS [true].
20-Aug-2025 23:26:49.545 INFO [main] org.apache.catalina.core.AprLifecycleListener.lifecycleEvent APR/OpenSSL configuration: useAprConnector [false], useOpenSSL [true]
20-Aug-2025 23:26:49.615 INFO [main] org.apache.catalina.core.AprLifecycleListener.initializeSSL OpenSSL successfully initialized [OpenSSL 3.0.14 4 Jun 2024]
20-Aug-2025 23:26:50.097 INFO [main] org.apache.coyote.AbstractProtocol.init Initializing ProtocolHandler ["http-nio-8080"]
20-Aug-2025 23:26:50.131 INFO [main] org.apache.catalina.startup.Catalina.load Server initialization in [1132] milliseconds
20-Aug-2025 23:26:50.204 INFO [main] org.apache.catalina.core.StandardService.startInternal Starting service [Catalina]
20-Aug-2025 23:26:50.204 INFO [main] org.apache.catalina.core.StandardEngine.startInternal Starting Servlet engine: [Apache Tomcat/9.0.98]
20-Aug-2025 23:26:50.219 INFO [main] org.apache.catalina.startup.HostConfig.deployDescriptor Deploying deployment descriptor [D:\PahanaeduBookshop\conf\Catalina\localhost\PahanaeduBookshop.xml]
20-Aug-2025 23:26:53.003 INFO [main] org.apache.jasper.servlet.TldScanner.scanJars At least one JAR was scanned for TLDs yet contained no TLDs. Enable debug logging for this logger for a complete list of JARs that were scanned but no TLDs were found in them. Skipping unneeded JARs during scanning can improve startup time and JSP compilation time.
20-Aug-2025 23:26:53.289 INFO [main] org.apache.catalina.startup.HostConfig.deployDescriptor Deployment of deployment descriptor [D:\PahanaeduBookshop\conf\Catalina\localhost\PahanaeduBookshop.xml] has finished in [3,071] ms
20-Aug-2025 23:26:53.289 INFO [main] org.apache.coyote.AbstractProtocol.start Starting ProtocolHandler ["http-nio-8080"]
20-Aug-2025 23:26:53.511 INFO [main] org.apache.catalina.startup.Catalina.start Server startup in [3379] milliseconds
20-Aug-2025 23:29:10.215 INFO [Thread-1] org.apache.coyote.AbstractProtocol.pause Pausing ProtocolHandler ["http-nio-8080"]
20-Aug-2025 23:29:10.367 INFO [Thread-1] org.apache.catalina.core.StandardService.stopInternal Stopping service [Catalina]
20-Aug-2025 23:29:10.392 INFO [Thread-1] org.apache.coyote.AbstractProtocol.stop Stopping ProtocolHandler ["http-nio-8080"]
20-Aug-2025 23:29:10.407 INFO [Thread-1] org.apache.coyote.AbstractProtocol.destroy Destroying ProtocolHandler ["http-nio-8080"]
20-Aug-2025 23:29:19.198 INFO [main] org.apache.catalina.startup.VersionLoggerListener.log Server version name:   Apache Tomcat/9.0.98
20-Aug-2025 23:29:19.204 INFO [main] org.apache.catalina.startup.VersionLoggerListener.log Server built:          Dec 5 2024 19:50:29 UTC
20-Aug-2025 23:29:19.204 INFO [main] org.apache.catalina.startup.VersionLoggerListener.log Server version number: 9.0.98.0
20-Aug-2025 23:29:19.204 INFO [main] org.apache.catalina.startup.VersionLoggerListener.log OS Name:               Windows 10
20-Aug-2025 23:29:19.205 INFO [main] org.apache.catalina.startup.VersionLoggerListener.log OS Version:            10.0
20-Aug-2025 23:29:19.205 INFO [main] org.apache.catalina.startup.VersionLoggerListener.log Architecture:          amd64
20-Aug-2025 23:29:19.205 INFO [main] org.apache.catalina.startup.VersionLoggerListener.log Java Home:             C:\Program Files\Java\jdk-17.0.2
20-Aug-2025 23:29:19.205 INFO [main] org.apache.catalina.startup.VersionLoggerListener.log JVM Version:           17.0.2+8-LTS-86
20-Aug-2025 23:29:19.205 INFO [main] org.apache.catalina.startup.VersionLoggerListener.log JVM Vendor:            Oracle Corporation
20-Aug-2025 23:29:19.206 INFO [main] org.apache.catalina.startup.VersionLoggerListener.log CATALINA_BASE:         D:\PahanaeduBookshop
20-Aug-2025 23:29:19.206 INFO [main] org.apache.catalina.startup.VersionLoggerListener.log CATALINA_HOME:         G:\ICBT\1st_Semester\PROGRAMMING\apache-tomcat-9.0.98\apache-tomcat-9.0.98
20-Aug-2025 23:29:19.220 INFO [main] org.apache.catalina.startup.VersionLoggerListener.log Command line argument: --add-opens=java.base/java.lang=ALL-UNNAMED
20-Aug-2025 23:29:19.221 INFO [main] org.apache.catalina.startup.VersionLoggerListener.log Command line argument: --add-opens=java.base/java.io=ALL-UNNAMED
20-Aug-2025 23:29:19.221 INFO [main] org.apache.catalina.startup.VersionLoggerListener.log Command line argument: --add-opens=java.base/java.util=ALL-UNNAMED
20-Aug-2025 23:29:19.221 INFO [main] org.apache.catalina.startup.VersionLoggerListener.log Command line argument: --add-opens=java.base/java.util.concurrent=ALL-UNNAMED
20-Aug-2025 23:29:19.221 INFO [main] org.apache.catalina.startup.VersionLoggerListener.log Command line argument: --add-opens=java.rmi/sun.rmi.transport=ALL-UNNAMED
20-Aug-2025 23:29:19.221 INFO [main] org.apache.catalina.startup.VersionLoggerListener.log Command line argument: -Dcatalina.home=G:\ICBT\1st_Semester\PROGRAMMING\apache-tomcat-9.0.98\apache-tomcat-9.0.98
20-Aug-2025 23:29:19.221 INFO [main] org.apache.catalina.startup.VersionLoggerListener.log Command line argument: -Dcatalina.base=D:\PahanaeduBookshop
20-Aug-2025 23:29:19.222 INFO [main] org.apache.catalina.startup.VersionLoggerListener.log Command line argument: -Djava.io.tmpdir=D:\PahanaeduBookshop\temp
20-Aug-2025 23:29:19.222 INFO [main] org.apache.catalina.startup.VersionLoggerListener.log Command line argument: -Djava.util.logging.config.file=D:\PahanaeduBookshop\conf\logging.properties
20-Aug-2025 23:29:19.222 INFO [main] org.apache.catalina.startup.VersionLoggerListener.log Command line argument: -Djava.util.logging.manager=org.apache.juli.ClassLoaderLogManager
20-Aug-2025 23:29:19.222 INFO [main] org.apache.catalina.startup.VersionLoggerListener.log Command line argument: -javaagent:C:\Program Files\JetBrains\IntelliJ IDEA Community Edition 2024.3.1.1\lib\idea_rt.jar=58850:C:\Program Files\JetBrains\IntelliJ IDEA Community Edition 2024.3.1.1\bin
20-Aug-2025 23:29:19.222 INFO [main] org.apache.catalina.startup.VersionLoggerListener.log Command line argument: -Dfile.encoding=UTF-8
20-Aug-2025 23:29:19.319 INFO [main] org.apache.catalina.core.AprLifecycleListener.lifecycleEvent Loaded Apache Tomcat Native library [1.3.1] using APR version [1.7.4].
20-Aug-2025 23:29:19.319 INFO [main] org.apache.catalina.core.AprLifecycleListener.lifecycleEvent APR capabilities: IPv6 [true], sendfile [true], accept filters [false], random [true], UDS [true].
20-Aug-2025 23:29:19.319 INFO [main] org.apache.catalina.core.AprLifecycleListener.lifecycleEvent APR/OpenSSL configuration: useAprConnector [false], useOpenSSL [true]
20-Aug-2025 23:29:19.395 INFO [main] org.apache.catalina.core.AprLifecycleListener.initializeSSL OpenSSL successfully initialized [OpenSSL 3.0.14 4 Jun 2024]
20-Aug-2025 23:29:19.946 INFO [main] org.apache.coyote.AbstractProtocol.init Initializing ProtocolHandler ["http-nio-8080"]
20-Aug-2025 23:29:19.979 INFO [main] org.apache.catalina.startup.Catalina.load Server initialization in [1189] milliseconds
20-Aug-2025 23:29:20.041 INFO [main] org.apache.catalina.core.StandardService.startInternal Starting service [Catalina]
20-Aug-2025 23:29:20.041 INFO [main] org.apache.catalina.core.StandardEngine.startInternal Starting Servlet engine: [Apache Tomcat/9.0.98]
20-Aug-2025 23:29:20.052 INFO [main] org.apache.catalina.startup.HostConfig.deployDescriptor Deploying deployment descriptor [D:\PahanaeduBookshop\conf\Catalina\localhost\PahanaeduBookshop.xml]
20-Aug-2025 23:29:21.632 INFO [main] org.apache.jasper.servlet.TldScanner.scanJars At least one JAR was scanned for TLDs yet contained no TLDs. Enable debug logging for this logger for a complete list of JARs that were scanned but no TLDs were found in them. Skipping unneeded JARs during scanning can improve startup time and JSP compilation time.
20-Aug-2025 23:29:21.799 INFO [main] org.apache.catalina.startup.HostConfig.deployDescriptor Deployment of deployment descriptor [D:\PahanaeduBookshop\conf\Catalina\localhost\PahanaeduBookshop.xml] has finished in [1,747] ms
20-Aug-2025 23:29:21.804 INFO [main] org.apache.coyote.AbstractProtocol.start Starting ProtocolHandler ["http-nio-8080"]
20-Aug-2025 23:29:21.873 INFO [main] org.apache.catalina.startup.Catalina.start Server startup in [1894] milliseconds
20-Aug-2025 23:30:25.760 INFO [Thread-1] org.apache.coyote.AbstractProtocol.pause Pausing ProtocolHandler ["http-nio-8080"]
20-Aug-2025 23:30:25.915 INFO [Thread-1] org.apache.catalina.core.StandardService.stopInternal Stopping service [Catalina]
20-Aug-2025 23:30:25.941 INFO [Thread-1] org.apache.coyote.AbstractProtocol.stop Stopping ProtocolHandler ["http-nio-8080"]
20-Aug-2025 23:30:25.955 INFO [Thread-1] org.apache.coyote.AbstractProtocol.destroy Destroying ProtocolHandler ["http-nio-8080"]
20-Aug-2025 23:30:31.113 INFO [main] org.apache.catalina.startup.VersionLoggerListener.log Server version name:   Apache Tomcat/9.0.98
20-Aug-2025 23:30:31.121 INFO [main] org.apache.catalina.startup.VersionLoggerListener.log Server built:          Dec 5 2024 19:50:29 UTC
20-Aug-2025 23:30:31.122 INFO [main] org.apache.catalina.startup.VersionLoggerListener.log Server version number: 9.0.98.0
20-Aug-2025 23:30:31.122 INFO [main] org.apache.catalina.startup.VersionLoggerListener.log OS Name:               Windows 10
20-Aug-2025 23:30:31.122 INFO [main] org.apache.catalina.startup.VersionLoggerListener.log OS Version:            10.0
20-Aug-2025 23:30:31.123 INFO [main] org.apache.catalina.startup.VersionLoggerListener.log Architecture:          amd64
20-Aug-2025 23:30:31.124 INFO [main] org.apache.catalina.startup.VersionLoggerListener.log Java Home:             C:\Program Files\Java\jdk-17.0.2
20-Aug-2025 23:30:31.124 INFO [main] org.apache.catalina.startup.VersionLoggerListener.log JVM Version:           17.0.2+8-LTS-86
20-Aug-2025 23:30:31.125 INFO [main] org.apache.catalina.startup.VersionLoggerListener.log JVM Vendor:            Oracle Corporation
20-Aug-2025 23:30:31.125 INFO [main] org.apache.catalina.startup.VersionLoggerListener.log CATALINA_BASE:         D:\PahanaeduBookshop
20-Aug-2025 23:30:31.125 INFO [main] org.apache.catalina.startup.VersionLoggerListener.log CATALINA_HOME:         G:\ICBT\1st_Semester\PROGRAMMING\apache-tomcat-9.0.98\apache-tomcat-9.0.98
20-Aug-2025 23:30:31.158 INFO [main] org.apache.catalina.startup.VersionLoggerListener.log Command line argument: --add-opens=java.base/java.lang=ALL-UNNAMED
20-Aug-2025 23:30:31.158 INFO [main] org.apache.catalina.startup.VersionLoggerListener.log Command line argument: --add-opens=java.base/java.io=ALL-UNNAMED
20-Aug-2025 23:30:31.158 INFO [main] org.apache.catalina.startup.VersionLoggerListener.log Command line argument: --add-opens=java.base/java.util=ALL-UNNAMED
20-Aug-2025 23:30:31.158 INFO [main] org.apache.catalina.startup.VersionLoggerListener.log Command line argument: --add-opens=java.base/java.util.concurrent=ALL-UNNAMED
20-Aug-2025 23:30:31.158 INFO [main] org.apache.catalina.startup.VersionLoggerListener.log Command line argument: --add-opens=java.rmi/sun.rmi.transport=ALL-UNNAMED
20-Aug-2025 23:30:31.158 INFO [main] org.apache.catalina.startup.VersionLoggerListener.log Command line argument: -Dcatalina.home=G:\ICBT\1st_Semester\PROGRAMMING\apache-tomcat-9.0.98\apache-tomcat-9.0.98
20-Aug-2025 23:30:31.158 INFO [main] org.apache.catalina.startup.VersionLoggerListener.log Command line argument: -Dcatalina.base=D:\PahanaeduBookshop
20-Aug-2025 23:30:31.158 INFO [main] org.apache.catalina.startup.VersionLoggerListener.log Command line argument: -Djava.io.tmpdir=D:\PahanaeduBookshop\temp
20-Aug-2025 23:30:31.158 INFO [main] org.apache.catalina.startup.VersionLoggerListener.log Command line argument: -Djava.util.logging.config.file=D:\PahanaeduBookshop\conf\logging.properties
20-Aug-2025 23:30:31.158 INFO [main] org.apache.catalina.startup.VersionLoggerListener.log Command line argument: -Djava.util.logging.manager=org.apache.juli.ClassLoaderLogManager
20-Aug-2025 23:30:31.158 INFO [main] org.apache.catalina.startup.VersionLoggerListener.log Command line argument: -javaagent:C:\Program Files\JetBrains\IntelliJ IDEA Community Edition 2024.3.1.1\lib\idea_rt.jar=58858:C:\Program Files\JetBrains\IntelliJ IDEA Community Edition 2024.3.1.1\bin
20-Aug-2025 23:30:31.158 INFO [main] org.apache.catalina.startup.VersionLoggerListener.log Command line argument: -Dfile.encoding=UTF-8
20-Aug-2025 23:30:31.315 INFO [main] org.apache.catalina.core.AprLifecycleListener.lifecycleEvent Loaded Apache Tomcat Native library [1.3.1] using APR version [1.7.4].
20-Aug-2025 23:30:31.315 INFO [main] org.apache.catalina.core.AprLifecycleListener.lifecycleEvent APR capabilities: IPv6 [true], sendfile [true], accept filters [false], random [true], UDS [true].
20-Aug-2025 23:30:31.315 INFO [main] org.apache.catalina.core.AprLifecycleListener.lifecycleEvent APR/OpenSSL configuration: useAprConnector [false], useOpenSSL [true]
20-Aug-2025 23:30:31.398 INFO [main] org.apache.catalina.core.AprLifecycleListener.initializeSSL OpenSSL successfully initialized [OpenSSL 3.0.14 4 Jun 2024]
20-Aug-2025 23:30:32.241 INFO [main] org.apache.coyote.AbstractProtocol.init Initializing ProtocolHandler ["http-nio-8080"]
20-Aug-2025 23:30:32.285 INFO [main] org.apache.catalina.startup.Catalina.load Server initialization in [1694] milliseconds
20-Aug-2025 23:30:32.366 INFO [main] org.apache.catalina.core.StandardService.startInternal Starting service [Catalina]
20-Aug-2025 23:30:32.367 INFO [main] org.apache.catalina.core.StandardEngine.startInternal Starting Servlet engine: [Apache Tomcat/9.0.98]
20-Aug-2025 23:30:32.377 INFO [main] org.apache.catalina.startup.HostConfig.deployDescriptor Deploying deployment descriptor [D:\PahanaeduBookshop\conf\Catalina\localhost\PahanaeduBookshop.xml]
20-Aug-2025 23:30:34.686 INFO [main] org.apache.jasper.servlet.TldScanner.scanJars At least one JAR was scanned for TLDs yet contained no TLDs. Enable debug logging for this logger for a complete list of JARs that were scanned but no TLDs were found in them. Skipping unneeded JARs during scanning can improve startup time and JSP compilation time.
20-Aug-2025 23:30:34.876 INFO [main] org.apache.catalina.startup.HostConfig.deployDescriptor Deployment of deployment descriptor [D:\PahanaeduBookshop\conf\Catalina\localhost\PahanaeduBookshop.xml] has finished in [2,498] ms
20-Aug-2025 23:30:34.882 INFO [main] org.apache.coyote.AbstractProtocol.start Starting ProtocolHandler ["http-nio-8080"]
20-Aug-2025 23:30:34.957 INFO [main] org.apache.catalina.startup.Catalina.start Server startup in [2670] milliseconds
20-Aug-2025 23:36:21.188 INFO [Thread-1] org.apache.coyote.AbstractProtocol.pause Pausing ProtocolHandler ["http-nio-8080"]
20-Aug-2025 23:36:21.884 INFO [Thread-1] org.apache.catalina.core.StandardService.stopInternal Stopping service [Catalina]
20-Aug-2025 23:36:22.659 WARNING [Thread-1] org.apache.catalina.loader.WebappClassLoaderBase.clearReferencesJdbc The web application [PahanaeduBookshop] registered the JDBC driver [com.mysql.cj.jdbc.Driver] but failed to unregister it when the web application was stopped. To prevent a memory leak, the JDBC Driver has been forcibly unregistered.
20-Aug-2025 23:36:22.684 WARNING [Thread-1] org.apache.catalina.loader.WebappClassLoaderBase.clearReferencesThreads The web application [PahanaeduBookshop] appears to have started a thread named [mysql-cj-abandoned-connection-cleanup] but has failed to stop it. This is very likely to create a memory leak. Stack trace of thread:
 java.base@17.0.2/java.lang.Object.wait(Native Method)
 java.base@17.0.2/java.lang.ref.ReferenceQueue.remove(ReferenceQueue.java:155)
 com.mysql.cj.jdbc.AbandonedConnectionCleanupThread.run(AbandonedConnectionCleanupThread.java:91)
 java.base@17.0.2/java.util.concurrent.ThreadPoolExecutor.runWorker(ThreadPoolExecutor.java:1136)
 java.base@17.0.2/java.util.concurrent.ThreadPoolExecutor$Worker.run(ThreadPoolExecutor.java:635)
 java.base@17.0.2/java.lang.Thread.run(Thread.java:833)
20-Aug-2025 23:36:22.739 INFO [Thread-1] org.apache.coyote.AbstractProtocol.stop Stopping ProtocolHandler ["http-nio-8080"]
20-Aug-2025 23:36:22.837 INFO [Thread-1] org.apache.coyote.AbstractProtocol.destroy Destroying ProtocolHandler ["http-nio-8080"]
20-Aug-2025 23:36:53.689 INFO [main] org.apache.catalina.startup.VersionLoggerListener.log Server version name:   Apache Tomcat/9.0.98
20-Aug-2025 23:36:53.697 INFO [main] org.apache.catalina.startup.VersionLoggerListener.log Server built:          Dec 5 2024 19:50:29 UTC
20-Aug-2025 23:36:53.697 INFO [main] org.apache.catalina.startup.VersionLoggerListener.log Server version number: 9.0.98.0
20-Aug-2025 23:36:53.698 INFO [main] org.apache.catalina.startup.VersionLoggerListener.log OS Name:               Windows 10
20-Aug-2025 23:36:53.698 INFO [main] org.apache.catalina.startup.VersionLoggerListener.log OS Version:            10.0
20-Aug-2025 23:36:53.698 INFO [main] org.apache.catalina.startup.VersionLoggerListener.log Architecture:          amd64
20-Aug-2025 23:36:53.699 INFO [main] org.apache.catalina.startup.VersionLoggerListener.log Java Home:             C:\Program Files\Java\jdk-17.0.2
20-Aug-2025 23:36:53.699 INFO [main] org.apache.catalina.startup.VersionLoggerListener.log JVM Version:           17.0.2+8-LTS-86
20-Aug-2025 23:36:53.699 INFO [main] org.apache.catalina.startup.VersionLoggerListener.log JVM Vendor:            Oracle Corporation
20-Aug-2025 23:36:53.700 INFO [main] org.apache.catalina.startup.VersionLoggerListener.log CATALINA_BASE:         D:\PahanaeduBookshop
20-Aug-2025 23:36:53.700 INFO [main] org.apache.catalina.startup.VersionLoggerListener.log CATALINA_HOME:         G:\ICBT\1st_Semester\PROGRAMMING\apache-tomcat-9.0.98\apache-tomcat-9.0.98
20-Aug-2025 23:36:53.726 INFO [main] org.apache.catalina.startup.VersionLoggerListener.log Command line argument: --add-opens=java.base/java.lang=ALL-UNNAMED
20-Aug-2025 23:36:53.727 INFO [main] org.apache.catalina.startup.VersionLoggerListener.log Command line argument: --add-opens=java.base/java.io=ALL-UNNAMED
20-Aug-2025 23:36:53.727 INFO [main] org.apache.catalina.startup.VersionLoggerListener.log Command line argument: --add-opens=java.base/java.util=ALL-UNNAMED
20-Aug-2025 23:36:53.727 INFO [main] org.apache.catalina.startup.VersionLoggerListener.log Command line argument: --add-opens=java.base/java.util.concurrent=ALL-UNNAMED
20-Aug-2025 23:36:53.728 INFO [main] org.apache.catalina.startup.VersionLoggerListener.log Command line argument: --add-opens=java.rmi/sun.rmi.transport=ALL-UNNAMED
20-Aug-2025 23:36:53.728 INFO [main] org.apache.catalina.startup.VersionLoggerListener.log Command line argument: -Dcatalina.home=G:\ICBT\1st_Semester\PROGRAMMING\apache-tomcat-9.0.98\apache-tomcat-9.0.98
20-Aug-2025 23:36:53.728 INFO [main] org.apache.catalina.startup.VersionLoggerListener.log Command line argument: -Dcatalina.base=D:\PahanaeduBookshop
20-Aug-2025 23:36:53.728 INFO [main] org.apache.catalina.startup.VersionLoggerListener.log Command line argument: -Djava.io.tmpdir=D:\PahanaeduBookshop\temp
20-Aug-2025 23:36:53.729 INFO [main] org.apache.catalina.startup.VersionLoggerListener.log Command line argument: -Djava.util.logging.config.file=D:\PahanaeduBookshop\conf\logging.properties
20-Aug-2025 23:36:53.729 INFO [main] org.apache.catalina.startup.VersionLoggerListener.log Command line argument: -Djava.util.logging.manager=org.apache.juli.ClassLoaderLogManager
20-Aug-2025 23:36:53.729 INFO [main] org.apache.catalina.startup.VersionLoggerListener.log Command line argument: -javaagent:C:\Program Files\JetBrains\IntelliJ IDEA Community Edition 2024.3.1.1\lib\idea_rt.jar=58878:C:\Program Files\JetBrains\IntelliJ IDEA Community Edition 2024.3.1.1\bin
20-Aug-2025 23:36:53.729 INFO [main] org.apache.catalina.startup.VersionLoggerListener.log Command line argument: -Dfile.encoding=UTF-8
20-Aug-2025 23:36:54.150 INFO [main] org.apache.catalina.core.AprLifecycleListener.lifecycleEvent Loaded Apache Tomcat Native library [1.3.1] using APR version [1.7.4].
20-Aug-2025 23:36:54.152 INFO [main] org.apache.catalina.core.AprLifecycleListener.lifecycleEvent APR capabilities: IPv6 [true], sendfile [true], accept filters [false], random [true], UDS [true].
20-Aug-2025 23:36:54.153 INFO [main] org.apache.catalina.core.AprLifecycleListener.lifecycleEvent APR/OpenSSL configuration: useAprConnector [false], useOpenSSL [true]
20-Aug-2025 23:36:55.573 INFO [main] org.apache.catalina.core.AprLifecycleListener.initializeSSL OpenSSL successfully initialized [OpenSSL 3.0.14 4 Jun 2024]
20-Aug-2025 23:36:56.799 INFO [main] org.apache.coyote.AbstractProtocol.init Initializing ProtocolHandler ["http-nio-8080"]
20-Aug-2025 23:36:56.863 INFO [main] org.apache.catalina.startup.Catalina.load Server initialization in [4154] milliseconds
20-Aug-2025 23:36:57.108 INFO [main] org.apache.catalina.core.StandardService.startInternal Starting service [Catalina]
20-Aug-2025 23:36:57.109 INFO [main] org.apache.catalina.core.StandardEngine.startInternal Starting Servlet engine: [Apache Tomcat/9.0.98]
20-Aug-2025 23:36:57.173 INFO [main] org.apache.catalina.startup.HostConfig.deployDescriptor Deploying deployment descriptor [D:\PahanaeduBookshop\conf\Catalina\localhost\PahanaeduBookshop.xml]
20-Aug-2025 23:37:00.237 INFO [main] org.apache.jasper.servlet.TldScanner.scanJars At least one JAR was scanned for TLDs yet contained no TLDs. Enable debug logging for this logger for a complete list of JARs that were scanned but no TLDs were found in them. Skipping unneeded JARs during scanning can improve startup time and JSP compilation time.
20-Aug-2025 23:37:00.871 INFO [main] org.apache.catalina.startup.HostConfig.deployDescriptor Deployment of deployment descriptor [D:\PahanaeduBookshop\conf\Catalina\localhost\PahanaeduBookshop.xml] has finished in [3,695] ms
20-Aug-2025 23:37:00.877 INFO [main] org.apache.coyote.AbstractProtocol.start Starting ProtocolHandler ["http-nio-8080"]
20-Aug-2025 23:37:01.259 INFO [main] org.apache.catalina.startup.Catalina.start Server startup in [4395] milliseconds
20-Aug-2025 23:37:53.764 INFO [Thread-1] org.apache.coyote.AbstractProtocol.pause Pausing ProtocolHandler ["http-nio-8080"]
20-Aug-2025 23:37:53.922 INFO [Thread-1] org.apache.catalina.core.StandardService.stopInternal Stopping service [Catalina]
20-Aug-2025 23:37:53.953 INFO [Thread-1] org.apache.coyote.AbstractProtocol.stop Stopping ProtocolHandler ["http-nio-8080"]
20-Aug-2025 23:37:53.975 INFO [Thread-1] org.apache.coyote.AbstractProtocol.destroy Destroying ProtocolHandler ["http-nio-8080"]
20-Aug-2025 23:37:59.348 INFO [main] org.apache.catalina.startup.VersionLoggerListener.log Server version name:   Apache Tomcat/9.0.98
20-Aug-2025 23:37:59.369 INFO [main] org.apache.catalina.startup.VersionLoggerListener.log Server built:          Dec 5 2024 19:50:29 UTC
20-Aug-2025 23:37:59.370 INFO [main] org.apache.catalina.startup.VersionLoggerListener.log Server version number: 9.0.98.0
20-Aug-2025 23:37:59.370 INFO [main] org.apache.catalina.startup.VersionLoggerListener.log OS Name:               Windows 10
20-Aug-2025 23:37:59.370 INFO [main] org.apache.catalina.startup.VersionLoggerListener.log OS Version:            10.0
20-Aug-2025 23:37:59.370 INFO [main] org.apache.catalina.startup.VersionLoggerListener.log Architecture:          amd64
20-Aug-2025 23:37:59.371 INFO [main] org.apache.catalina.startup.VersionLoggerListener.log Java Home:             C:\Program Files\Java\jdk-17.0.2
20-Aug-2025 23:37:59.372 INFO [main] org.apache.catalina.startup.VersionLoggerListener.log JVM Version:           17.0.2+8-LTS-86
20-Aug-2025 23:37:59.372 INFO [main] org.apache.catalina.startup.VersionLoggerListener.log JVM Vendor:            Oracle Corporation
20-Aug-2025 23:37:59.372 INFO [main] org.apache.catalina.startup.VersionLoggerListener.log CATALINA_BASE:         D:\PahanaeduBookshop
20-Aug-2025 23:37:59.373 INFO [main] org.apache.catalina.startup.VersionLoggerListener.log CATALINA_HOME:         G:\ICBT\1st_Semester\PROGRAMMING\apache-tomcat-9.0.98\apache-tomcat-9.0.98
20-Aug-2025 23:37:59.391 INFO [main] org.apache.catalina.startup.VersionLoggerListener.log Command line argument: --add-opens=java.base/java.lang=ALL-UNNAMED
20-Aug-2025 23:37:59.391 INFO [main] org.apache.catalina.startup.VersionLoggerListener.log Command line argument: --add-opens=java.base/java.io=ALL-UNNAMED
20-Aug-2025 23:37:59.392 INFO [main] org.apache.catalina.startup.VersionLoggerListener.log Command line argument: --add-opens=java.base/java.util=ALL-UNNAMED
20-Aug-2025 23:37:59.392 INFO [main] org.apache.catalina.startup.VersionLoggerListener.log Command line argument: --add-opens=java.base/java.util.concurrent=ALL-UNNAMED
20-Aug-2025 23:37:59.392 INFO [main] org.apache.catalina.startup.VersionLoggerListener.log Command line argument: --add-opens=java.rmi/sun.rmi.transport=ALL-UNNAMED
20-Aug-2025 23:37:59.393 INFO [main] org.apache.catalina.startup.VersionLoggerListener.log Command line argument: -Dcatalina.home=G:\ICBT\1st_Semester\PROGRAMMING\apache-tomcat-9.0.98\apache-tomcat-9.0.98
20-Aug-2025 23:37:59.393 INFO [main] org.apache.catalina.startup.VersionLoggerListener.log Command line argument: -Dcatalina.base=D:\PahanaeduBookshop
20-Aug-2025 23:37:59.393 INFO [main] org.apache.catalina.startup.VersionLoggerListener.log Command line argument: -Djava.io.tmpdir=D:\PahanaeduBookshop\temp
20-Aug-2025 23:37:59.393 INFO [main] org.apache.catalina.startup.VersionLoggerListener.log Command line argument: -Djava.util.logging.config.file=D:\PahanaeduBookshop\conf\logging.properties
20-Aug-2025 23:37:59.393 INFO [main] org.apache.catalina.startup.VersionLoggerListener.log Command line argument: -Djava.util.logging.manager=org.apache.juli.ClassLoaderLogManager
20-Aug-2025 23:37:59.394 INFO [main] org.apache.catalina.startup.VersionLoggerListener.log Command line argument: -javaagent:C:\Program Files\JetBrains\IntelliJ IDEA Community Edition 2024.3.1.1\lib\idea_rt.jar=58882:C:\Program Files\JetBrains\IntelliJ IDEA Community Edition 2024.3.1.1\bin
20-Aug-2025 23:37:59.394 INFO [main] org.apache.catalina.startup.VersionLoggerListener.log Command line argument: -Dfile.encoding=UTF-8
20-Aug-2025 23:37:59.400 INFO [main] org.apache.catalina.core.AprLifecycleListener.lifecycleEvent Loaded Apache Tomcat Native library [1.3.1] using APR version [1.7.4].
20-Aug-2025 23:37:59.400 INFO [main] org.apache.catalina.core.AprLifecycleListener.lifecycleEvent APR capabilities: IPv6 [true], sendfile [true], accept filters [false], random [true], UDS [true].
20-Aug-2025 23:37:59.400 INFO [main] org.apache.catalina.core.AprLifecycleListener.lifecycleEvent APR/OpenSSL configuration: useAprConnector [false], useOpenSSL [true]
20-Aug-2025 23:37:59.412 INFO [main] org.apache.catalina.core.AprLifecycleListener.initializeSSL OpenSSL successfully initialized [OpenSSL 3.0.14 4 Jun 2024]
20-Aug-2025 23:37:59.944 INFO [main] org.apache.coyote.AbstractProtocol.init Initializing ProtocolHandler ["http-nio-8080"]
20-Aug-2025 23:37:59.973 INFO [main] org.apache.catalina.startup.Catalina.load Server initialization in [1042] milliseconds
20-Aug-2025 23:38:00.048 INFO [main] org.apache.catalina.core.StandardService.startInternal Starting service [Catalina]
20-Aug-2025 23:38:00.048 INFO [main] org.apache.catalina.core.StandardEngine.startInternal Starting Servlet engine: [Apache Tomcat/9.0.98]
20-Aug-2025 23:38:00.061 INFO [main] org.apache.catalina.startup.HostConfig.deployDescriptor Deploying deployment descriptor [D:\PahanaeduBookshop\conf\Catalina\localhost\PahanaeduBookshop.xml]
20-Aug-2025 23:38:01.893 INFO [main] org.apache.jasper.servlet.TldScanner.scanJars At least one JAR was scanned for TLDs yet contained no TLDs. Enable debug logging for this logger for a complete list of JARs that were scanned but no TLDs were found in them. Skipping unneeded JARs during scanning can improve startup time and JSP compilation time.
20-Aug-2025 23:38:02.137 INFO [main] org.apache.catalina.startup.HostConfig.deployDescriptor Deployment of deployment descriptor [D:\PahanaeduBookshop\conf\Catalina\localhost\PahanaeduBookshop.xml] has finished in [2,075] ms
20-Aug-2025 23:38:02.144 INFO [main] org.apache.coyote.AbstractProtocol.start Starting ProtocolHandler ["http-nio-8080"]
20-Aug-2025 23:38:02.234 INFO [main] org.apache.catalina.startup.Catalina.start Server startup in [2261] milliseconds
